src/context/AppContext.tsx(2,10): error TS1484: 'User' is a type and must be imported using a type-only import when 'verbatimModuleSyntax' is enabled.
src/context/AppContext.tsx(2,16): error TS1484: 'Post' is a type and must be imported using a type-only import when 'verbatimModuleSyntax' is enabled.
src/context/AppContext.tsx(2,22): error TS1484: 'Match' is a type and must be imported using a type-only import when 'verbatimModuleSyntax' is enabled.
src/pages/Dashboard.tsx(5,1): error TS6133: 'Post' is declared but its value is never read.
src/pages/Dashboard.tsx(5,10): error TS1484: 'Post' is a type and must be imported using a type-only import when 'verbatimModuleSyntax' is enabled.
src/pages/Dashboard.tsx(33,11): error TS6133: 'getAuthorRating' is declared but its value is never read.
